
     Program POST-PROC v.7.4.1 starts on 31Aug2026 at 14:24: 5 

     This program is part of the open-source Quantum ESPRESSO suite
     for quantum simulation of materials; please cite
         "P. Giannozzi et al., J. Phys.:Condens. Matter 21 395502 (2009);
         "P. Giannozzi et al., J. Phys.:Condens. Matter 29 465901 (2017);
         "P. Giannozzi et al., J. Chem. Phys. 152 154105 (2020);
          URL http://www.quantum-espresso.org", 
     in publications or presentations arising from this work. More details at
     http://www.quantum-espresso.org/quote

     Parallel version (MPI), running on     1 processors

     MPI processes distributed on     1 nodes
     14597 MiB available memory on the printing compute node when the environment starts


     Reading xml data from directory:

     ./tmp/BeO_Electronic.save/

     IMPORTANT: XC functional enforced from input :
     Exchange-correlation= PBE
                           (   1   4   3   4   0   0   0)
     Any further DFT definition will be discarded
     Please, verify this is what you really want


     G-vector sticks info
     --------------------
     sticks:   dense  smooth     PW     G-vecs:    dense   smooth      PW
     Sum         913     913    253                35711    35711    5527

     Using Slab Decomposition


     Calling punch_plot, plot_num =   0
     Writing data to file  charge_density
     Reading data from file  charge_density

     Writing data to be plotted to file charge_density.cube
     Plot Type: 3D                     Output format: Gaussian cube

     POST-PROC    :      0.24s CPU      0.25s WALL


   This run was terminated on:  14:24: 5  31Aug2026            

=------------------------------------------------------------------------------=
   JOB DONE.
=------------------------------------------------------------------------------=
