     Input file > Reading   14 bands at    732 k-points
Range:  -90.5010   21.3670eV  Emin, Emax, [firstk, lastk] > high-symmetry point:  0.0000 0.0000 0.0000   x coordinate   0.0000
high-symmetry point:  0.5000 0.2887 0.0000   x coordinate   0.5774
high-symmetry point:  0.3333 0.5774 0.0000   x coordinate   0.9107
high-symmetry point:  0.0000 0.0000 0.0000   x coordinate   1.5773
high-symmetry point:  0.0000 0.0000 0.3080   x coordinate   1.8853
high-symmetry point:  0.5000 0.2887 0.3080   x coordinate   2.4627
high-symmetry point:  0.3333 0.5774 0.3080   x coordinate   2.7960
high-symmetry point:  0.0000 0.0000 0.3080   x coordinate   3.4627
high-symmetry point:  0.5000 0.2887 0.3080   x coordinate   3.4627
high-symmetry point:  0.5000 0.2887 0.0000   x coordinate   3.7707
high-symmetry point:  0.3333 0.5774 0.3080   x coordinate   3.7707
high-symmetry point:  0.3333 0.5774 0.0000   x coordinate   4.0787
high-symmetry point:  0.0000 0.0000 0.0000   x coordinate   4.0787
high-symmetry point: -0.5000-0.2887 0.0000   x coordinate   4.6560
high-symmetry point: -0.3333-0.5774 0.0000   x coordinate   4.9894
high-symmetry point:  0.0000 0.0000 0.0000   x coordinate   5.6560
high-symmetry point:  0.0000 0.0000-0.3080   x coordinate   5.9640
high-symmetry point: -0.5000-0.2887-0.3080   x coordinate   6.5414
high-symmetry point: -0.3333-0.5774-0.3080   x coordinate   6.8747
high-symmetry point:  0.0000 0.0000-0.3080   x coordinate   7.5414
high-symmetry point: -0.5000-0.2887-0.3080   x coordinate   7.5414
high-symmetry point: -0.5000-0.2887 0.0000   x coordinate   7.8494
high-symmetry point: -0.3333-0.5774-0.3080   x coordinate   7.8494
high-symmetry point: -0.3333-0.5774 0.0000   x coordinate   8.1574
output file (gnuplot/xmgr) > bands in gnuplot/xmgr format written to file bands.gnu                                                                                                                                                                                                                                                       
output file (ps) > Efermi > deltaE, reference E (for tics) bands in PostScript format written to file bands.ps                                                                                                                                                                                                                                                        
