Successfully read 2 atoms from final_relaxed_structure.vasp

PBE default DFT-D4 parameters : {'s6': 1.0, 's9': 1.0, 'alp': 16.0, 's8': 0.95948085, 'a1': 0.38574991, 'a2': 4.80688534}
Custom DFT-D4 parameters      : {'s6': 1.0, 's9': 1.0, 'alp': 16.0, 's8': 0.95948085, 'a1': 0.38574991, 'a2': 4.80688534}

[Phase A.] Running SCF calculation...

 1. SCF Energy Results
  QE Electronic Energy:     -767.839255 eV
  DFT-D4 Dispersion:          -0.010110 eV
  Total Energy :   -767.849365 eV
    Energy check: consistent

[Phase B.] Calculating vibrations for 2 atoms...

======================================================================
Vibrational Analysis Summary:
----------------------------------------------------------------------
---------------------
  #    meV     cm^-1
---------------------
  0    0.0i      0.1i
  1    0.0i      0.1i
  2    0.0i      0.0i
  3    1.6      12.6
  4    1.6      12.6
  5  291.5    2351.0
---------------------
Zero-point energy: 0.147 eV
======================================================================
  Collected 6 vibrational energies

[Phase C.] Ideal Gas Thermodynamic Analysis
  Geometry:          linear
  Symmetry number:   2
  Spin:              0.0
  Number of atoms:   2
  Vibrational modes: 6

====================================================================================================
Temp(K)      ZPE(eV)            H(eV)          S(eV/K)            G(eV)
----------------------------------------------------------------------------------------------------
     50     0.145743      -767.688541     1.448820e-03      -767.760982
     60     0.145743      -767.685525     1.503809e-03      -767.775754
     70     0.145743      -767.682509     1.550302e-03      -767.791030
     80     0.145743      -767.679493     1.590576e-03      -767.806739
     90     0.145743      -767.676477     1.626100e-03      -767.822826
    100     0.145743      -767.673461     1.657878e-03      -767.839249
    110     0.145743      -767.670445     1.686624e-03      -767.855973
    120     0.145743      -767.667429     1.712867e-03      -767.872973
    130     0.145743      -767.664413     1.737008e-03      -767.890224
    140     0.145743      -767.661397     1.759360e-03      -767.907707
    150     0.145743      -767.658381     1.780169e-03      -767.925406
    160     0.145743      -767.655364     1.799634e-03      -767.943306
    170     0.145743      -767.652348     1.817919e-03      -767.961395
    180     0.145743      -767.649332     1.835158e-03      -767.979661
    190     0.145743      -767.646316     1.851465e-03      -767.998095
    200     0.145743      -767.643300     1.866935e-03      -768.016687
    210     0.145743      -767.640284     1.881651e-03      -768.035431
    220     0.145743      -767.637268     1.895682e-03      -768.054318
    230     0.145743      -767.634252     1.909089e-03      -768.073342
    240     0.145743      -767.631236     1.921926e-03      -768.092498
    250     0.145743      -767.628219     1.934239e-03      -768.111779
    260     0.145743      -767.625203     1.946069e-03      -768.131181
    270     0.145743      -767.622187     1.957453e-03      -768.150699
    280     0.145743      -767.619170     1.968424e-03      -768.170329
    290     0.145743      -767.616153     1.979011e-03      -768.190066
    300     0.145743      -767.613136     1.989240e-03      -768.209908
    310     0.145743      -767.610118     1.999135e-03      -768.229850
    320     0.145743      -767.607100     2.008717e-03      -768.249889
    330     0.145743      -767.604081     2.018007e-03      -768.270023
    340     0.145743      -767.601061     2.027021e-03      -768.290249
    350     0.145743      -767.598041     2.035777e-03      -768.310563
    360     0.145743      -767.595019     2.044290e-03      -768.330963
    370     0.145743      -767.591996     2.052573e-03      -768.351448
    380     0.145743      -767.588971     2.060639e-03      -768.372014
    390     0.145743      -767.585945     2.068500e-03      -768.392660
    400     0.145743      -767.582917     2.076166e-03      -768.413383
    410     0.145743      -767.579887     2.083649e-03      -768.434183
    420     0.145743      -767.576854     2.090957e-03      -768.455056
    430     0.145743      -767.573819     2.098098e-03      -768.476001
    440     0.145743      -767.570781     2.105083e-03      -768.497017
    450     0.145743      -767.567740     2.111917e-03      -768.518102
    460     0.145743      -767.564696     2.118607e-03      -768.539255
    470     0.145743      -767.561648     2.125162e-03      -768.560474
    480     0.145743      -767.558597     2.131586e-03      -768.581758
    490     0.145743      -767.555541     2.137886e-03      -768.603105
    500     0.145743      -767.552482     2.144067e-03      -768.624515
====================================================================================================

----------------------------------------------------------------------------------------------------
Temperature: 298.15 K, Pressure: 1 bar (Standard Conditions)
----------------------------------------------------------------------------------------------------
  ZPE =     0.145743 eV
  H   =  -767.613694 eV  (Enthalpy)
  S   = 1.987373e-03 eV/K  (Entropy)
  G   =  -768.206229 eV  (Gibbs Free Energy)
----------------------------------------------------------------------------------------------------

Additional Thermodynamic Relations Check (298.15 K):
  G = H - T*S  =>  -768.206229 = -767.613694 - 298.15*1.987373e-03 = -768.206229 eV

=== Thermodynamic Analysis Complete ===
