Successfully read 2 atoms from final_relaxed_structure.vasp

Vibrating atoms: ALL freely moving atoms (constraints will be respected)

PBE default DFT-D4 parameters : {'s6': 1.0, 's9': 1.0, 'alp': 16.0, 's8': 0.95948085, 'a1': 0.38574991, 'a2': 4.80688534}
Custom DFT-D4 parameters      : {'s6': 1.0, 's9': 1.0, 'alp': 16.0, 's8': 0.95948085, 'a1': 0.38574991, 'a2': 4.80688534}

[Phase A.] Running SCF calculation...

 1. SCF Energy Results
  QE Electronic Energy:     -767.839255 eV
  DFT-D4 Dispersion:          -0.010110 eV
  Total Energy (QE + D4):   -767.849365 eV
    Energy check: consistent

 2. SCF forces and stress
  Max force (norm): 0.000103 eV/Å
  Pressure: -0.016437 kbar

[Phase B.] Starting vibrational analysis...

======================================================================
Vibrational Analysis Summary:
----------------------------------------------------------------------
---------------------
  #    meV     cm^-1
---------------------
  0    0.0i      0.1i
  1    0.0i      0.1i
  2    0.0i      0.0i
  3    1.6      12.6
  4    1.6      12.7
  5  291.5    2351.0
---------------------
Zero-point energy: 0.147 eV
======================================================================
/home/dsen/work/bin/ase/lib/python3.12/site-packages/ase/thermochemistry.py:823: UserWarning: 3 imag modes removed
  warn(f"{n_imag} imag modes removed", UserWarning)

[Phase C.] Starting thermodynamic analysis...

===============================================================================================
Temp(K)    ZPE(eV)            F(eV)            U(eV)        S(eV/K)
-----------------------------------------------------------------------------------------------
   50   0.147310      -767.712278      -767.694912   3.473263e-04
   60   0.147310      -767.715912      -767.693204   3.784592e-04
   70   0.147310      -767.719832      -767.691492   4.048517e-04
   80   0.147310      -767.723997      -767.689777   4.277517e-04
   90   0.147310      -767.728378      -767.688060   4.479733e-04
  100   0.147310      -767.732949      -767.686342   4.660760e-04
  110   0.147310      -767.737693      -767.684623   4.824611e-04
  120   0.147310      -767.742594      -767.682903   4.974258e-04
  130   0.147310      -767.747638      -767.681182   5.111965e-04
  140   0.147310      -767.752815      -767.679462   5.239493e-04
  150   0.147310      -767.758114      -767.677740   5.358244e-04
  160   0.147310      -767.763528      -767.676019   5.469345e-04
  170   0.147310      -767.769051      -767.674297   5.573724e-04
  180   0.147310      -767.774674      -767.672575   5.672145e-04
  190   0.147310      -767.780393      -767.670853   5.765253e-04
  200   0.147310      -767.786203      -767.669131   5.853592e-04
  210   0.147310      -767.792099      -767.667409   5.937625e-04
  220   0.147310      -767.798077      -767.665686   6.017754e-04
  230   0.147310      -767.804133      -767.663964   6.094326e-04
  240   0.147310      -767.810264      -767.662241   6.167644e-04
  250   0.147310      -767.816467      -767.660518   6.237973e-04
  260   0.147310      -767.822739      -767.658795   6.305551e-04
  270   0.147310      -767.829078      -767.657072   6.370584e-04
  280   0.147310      -767.835480      -767.655348   6.433262e-04
  290   0.147310      -767.841943      -767.653625   6.493750e-04
  300   0.147310      -767.848467      -767.651901   6.552200e-04
  310   0.147310      -767.855047      -767.650176   6.608748e-04
  320   0.147310      -767.861684      -767.648451   6.663519e-04
  330   0.147310      -767.868374      -767.646725   6.716626e-04
  340   0.147310      -767.875116      -767.644998   6.768172e-04
  350   0.147310      -767.881910      -767.643271   6.818252e-04
  360   0.147310      -767.888752      -767.641542   6.866954e-04
  370   0.147310      -767.895643      -767.639812   6.914357e-04
  380   0.147310      -767.902581      -767.638080   6.960536e-04
  390   0.147310      -767.909564      -767.636347   7.005560e-04
  400   0.147310      -767.916591      -767.634612   7.049492e-04
  410   0.147310      -767.923662      -767.632874   7.092393e-04
  420   0.147310      -767.930776      -767.631135   7.134316e-04
  430   0.147310      -767.937931      -767.629392   7.175313e-04
  440   0.147310      -767.945126      -767.627647   7.215432e-04
  450   0.147310      -767.952361      -767.625899   7.254718e-04
  460   0.147310      -767.959635      -767.624148   7.293212e-04
  470   0.147310      -767.966947      -767.622393   7.330953e-04
  480   0.147310      -767.974297      -767.620634   7.367978e-04
  490   0.147310      -767.981683      -767.618871   7.404321e-04
  500   0.147310      -767.989105      -767.617105   7.440013e-04
===============================================================================================

-----------------------------------------------------------------------------------------------
Temperature: 298.15 K
-----------------------------------------------------------------------------------------------
  ZPE =   0.147310 eV
  F   = -767.847255 eV
  U   = -767.652220 eV
  S   = 6.541534e-04 eV/K
-----------------------------------------------------------------------------------------------

=== Thermodynamic Analysis Complete ===
